
##UWTempo vs mono green


250 games
#W/OUT REDUNDENT FEATURES:
Test policy_loss=0.768  value_loss=0.068

#W/ REDUNDENT FEATURES:
Test policy_loss=0.799  value_loss=0.077


50 games
#W/OUT REDUNDENT FEATURES:
Test policy_loss=1.186  value_loss=0.559
Test policy_accuracy=0.701

#W/ REDUNDENT FEATURES:
Test policy_loss=1.093  value_loss=0.270
Test policy_accuracy=0.732




#gen0:
-samples: 1000 (games)
Loaded checkpoint from models/model3/ckpt_14.pt
Test policy_loss=0.362  value_loss=0.037
Test policy_accuracy=0.889
-samples: 250
Loaded checkpoint from models/model2/ckpt_13.pt
Test policy_loss=0.438  value_loss=0.039
Test policy_accuracy=0.865

#gen1:
-samples: 250
-wr: 16%
Loaded checkpoint from models/model3/ckpt_8.pt
Test policy_loss=0.399  value_loss=0.054
Test policy_accuracy=0.862
#gen2:
-wr: 18%
-best epoch:
-policy acc:
-value loss:


gen0 wr: 16%
gen1 wr: 8/250 (3.2%)
gen1 wr
